---
source: crates/metadata-resolve/tests/metadata_golden_tests.rs
expression: msg
input_file: crates/metadata-resolve/tests/failing/aggregate_boolean_expressions/object/scalar_type_not_allowed/metadata.json
---
error in boolean expression type 'Album_aggregate_bool_exp (in subgraph default)': the operand type 'String (in subgraph default)' must be an object type
