{
  "is_consistent": false,
  "inconsistent_objects": [
    {
      "definition": {
        "schema": "public",
        "name": "t1"
      },
      "reason": "Inconsistent object: no such table/view exists in source: \"t1\"",
      "name": "table t1 in source default",
      "type": "table"
    },
    {
      "definition": {
        "schema": "public",
        "name": "t2"
      },
      "reason": "Inconsistent object: no such table/view exists in source: \"t2\"",
      "name": "table t2 in source default",
      "type": "table"
    },
    {
      "definition": {
        "schema": "pub",
        "name": "t4"
      },
      "reason": "Inconsistent object: no such table/view exists in source: \"pub.t4\"",
      "name": "table pub.t4 in source default",
      "type": "table"
    },
    {
      "definition": {
        "schema": "pub",
        "name": "t3"
      },
      "reason": "Inconsistent object: no such table/view exists in source: \"pub.t3\"",
      "name": "table pub.t3 in source default",
      "type": "table"
    }
  ]
}