{"graphql_schema_introspection": {"disabled_for_roles": ["child"]}}
