---
source: crates/engine/tests/common.rs
expression: results
---
{
  "AuthorManyWithOffsetZero": {
    "Ok": [
      {
        "rows": [
          {
            "author_id": 1,
            "first_name": "Peter"
          },
          {
            "author_id": 2,
            "first_name": "John"
          }
        ]
      }
    ]
  },
  "AuthorManyWithOffsetOne": {
    "Ok": [
      {
        "rows": [
          {
            "author_id": 2,
            "first_name": "John"
          }
        ]
      }
    ]
  },
  "AuthorManyWithOffsetTwo": {
    "Ok": [
      {
        "rows": []
      }
    ]
  }
}
