---
source: crates/engine/tests/common.rs
expression: ir
---
V1(
    QueryRequestV1 {
        queries: {
            Alias(
                Identifier(
                    "AuthorMany",
                ),
            ): Model(
                ModelSelection {
                    target: ModelTarget {
                        subgraph: SubgraphName(
                            "default",
                        ),
                        model_name: ModelName(
                            Identifier(
                                "Authors",
                            ),
                        ),
                        arguments: {
                            ArgumentName(
                                Identifier(
                                    "where",
                                ),
                            ): Literal(
                                Object {
                                    "_or": Array [
                                        Object {
                                            "first_name": Object {
                                                "_like": String("%Pet%"),
                                            },
                                        },
                                    ],
                                },
                            ),
                        },
                        filter: None,
                        order_by: [],
                        limit: None,
                        offset: None,
                    },
                    selection: {
                        Alias(
                            Identifier(
                                "author_id",
                            ),
                        ): Field(
                            ObjectFieldSelection {
                                target: ObjectFieldTarget {
                                    field_name: FieldName(
                                        Identifier(
                                            "author_id",
                                        ),
                                    ),
                                    arguments: {},
                                },
                                selection: None,
                            },
                        ),
                        Alias(
                            Identifier(
                                "first_name",
                            ),
                        ): Field(
                            ObjectFieldSelection {
                                target: ObjectFieldTarget {
                                    field_name: FieldName(
                                        Identifier(
                                            "first_name",
                                        ),
                                    ),
                                    arguments: {},
                                },
                                selection: None,
                            },
                        ),
                    },
                },
            ),
        },
    },
)
