---
source: crates/engine/tests/common.rs
expression: query_ir
---
V1(
    QueryRequestV1 {
        queries: {
            Alias(
                Identifier(
                    "ActorsByMovieMany",
                ),
            ): Model(
                ModelSelection {
                    target: ModelTarget {
                        subgraph: SubgraphName(
                            "default",
                        ),
                        model_name: ModelName(
                            Identifier(
                                "ActorsByMovie",
                            ),
                        ),
                        arguments: {},
                        filter: None,
                        order_by: [],
                        limit: None,
                        offset: None,
                    },
                    selection: {
                        Alias(
                            Identifier(
                                "actor_id",
                            ),
                        ): Field(
                            ObjectFieldSelection {
                                target: ObjectFieldTarget {
                                    field_name: FieldName(
                                        Identifier(
                                            "actor_id",
                                        ),
                                    ),
                                    arguments: {},
                                },
                                selection: None,
                            },
                        ),
                        Alias(
                            Identifier(
                                "movie_id",
                            ),
                        ): Field(
                            ObjectFieldSelection {
                                target: ObjectFieldTarget {
                                    field_name: FieldName(
                                        Identifier(
                                            "movie_id",
                                        ),
                                    ),
                                    arguments: {},
                                },
                                selection: None,
                            },
                        ),
                        Alias(
                            Identifier(
                                "name",
                            ),
                        ): Field(
                            ObjectFieldSelection {
                                target: ObjectFieldTarget {
                                    field_name: FieldName(
                                        Identifier(
                                            "name",
                                        ),
                                    ),
                                    arguments: {},
                                },
                                selection: None,
                            },
                        ),
                    },
                },
            ),
            Alias(
                Identifier(
                    "noargs",
                ),
            ): Model(
                ModelSelection {
                    target: ModelTarget {
                        subgraph: SubgraphName(
                            "default",
                        ),
                        model_name: ModelName(
                            Identifier(
                                "ActorsByMovie",
                            ),
                        ),
                        arguments: {},
                        filter: None,
                        order_by: [],
                        limit: None,
                        offset: None,
                    },
                    selection: {
                        Alias(
                            Identifier(
                                "actor_id",
                            ),
                        ): Field(
                            ObjectFieldSelection {
                                target: ObjectFieldTarget {
                                    field_name: FieldName(
                                        Identifier(
                                            "actor_id",
                                        ),
                                    ),
                                    arguments: {},
                                },
                                selection: None,
                            },
                        ),
                        Alias(
                            Identifier(
                                "movie_id",
                            ),
                        ): Field(
                            ObjectFieldSelection {
                                target: ObjectFieldTarget {
                                    field_name: FieldName(
                                        Identifier(
                                            "movie_id",
                                        ),
                                    ),
                                    arguments: {},
                                },
                                selection: None,
                            },
                        ),
                        Alias(
                            Identifier(
                                "name",
                            ),
                        ): Field(
                            ObjectFieldSelection {
                                target: ObjectFieldTarget {
                                    field_name: FieldName(
                                        Identifier(
                                            "name",
                                        ),
                                    ),
                                    arguments: {},
                                },
                                selection: None,
                            },
                        ),
                    },
                },
            ),
        },
    },
)
