---
source: crates/engine/tests/common.rs
expression: results
---
{
  "ActorsByMovieMany": {
    "Ok": [
      {
        "rows": [
          {
            "actor_id": 4,
            "movie_id": 3,
            "name": "Al Pacino"
          },
          {
            "actor_id": 5,
            "movie_id": 3,
            "name": "Robert De Niro"
          }
        ]
      }
    ]
  },
  "noargs": {
    "Ok": [
      {
        "rows": [
          {
            "actor_id": 4,
            "movie_id": 3,
            "name": "Al Pacino"
          },
          {
            "actor_id": 5,
            "movie_id": 3,
            "name": "Robert De Niro"
          }
        ]
      }
    ]
  }
}
