---
source: crates/engine/tests/common.rs
expression: rowsets
---
[
  {
    "rows": [
      {
        "staff": [
          {
            "favourite_artist_id": 1,
            "first_name": "Peter",
            "last_name": "Landin",
            "specialities": [
              "Computer Science",
              "Education"
            ]
          }
        ]
      },
      {
        "staff": [
          {
            "favourite_artist_id": 2,
            "first_name": "John",
            "last_name": "Hughes",
            "specialities": [
              "Computer Science",
              "Functional Programming",
              "Software Testing"
            ]
          },
          {
            "favourite_artist_id": 3,
            "first_name": "Koen",
            "last_name": "Claessen",
            "specialities": [
              "Computer Science",
              "Functional Programming",
              "Automated Reasoning"
            ]
          }
        ]
      },
      {
        "staff": null
      }
    ]
  }
]
