---
source: crates/metadata-resolve/tests/metadata_golden_tests.rs
expression: msg
input_file: crates/metadata-resolve/tests/failing/aggregate_boolean_expressions/scalar/agg_fn_duplicated/metadata.json
---
error in boolean expression type 'String_aggregate_bool_exp (in subgraph default)': the aggregate function '_min' is defined more than once in the comparable aggregation functions
