---
source: crates/metadata-resolve/tests/metadata_golden_tests.rs
expression: string
input_file: crates/metadata-resolve/tests/failing/aggregate_expressions/data_connector_lacks_aggregates_capability/metadata.json
---
Error: the aggregate expression Int4_aggregate_exp (in subgraph default) defines an aggregation function mapping to a data connector that does not support aggregates: mypg (in subgraph default)
