---
source: crates/metadata-resolve/tests/metadata_golden_tests.rs
expression: string
input_file: crates/metadata-resolve/tests/failing/aggregate_expressions/missing_operand_scalar_type/metadata.json
---
Error: the aggregate expression Int4_aggregate_exp (in subgraph default) specifies an operand scalar type that cannot be found: Int4 (in subgraph default)
