---
source: crates/metadata-resolve/tests/metadata_golden_tests.rs
expression: string
input_file: crates/metadata-resolve/tests/failing/order_by_expressions/unknown_order_by_expression_in_orderable_relationship/metadata.json
---
Error: Error in order by expression MyOrderByExpression (in subgraph default): The order by expression Foo referenced in orderable relationship MyRelationship has not been defined
