---
source: crates/metadata-resolve/tests/metadata_golden_tests.rs
expression: string
input_file: crates/metadata-resolve/tests/failing/aggregate_expressions/aggregation_function_return_named_type_mismatch_to_array/metadata.json
---
Error: the aggregate expression Int4_aggregate_exp (in subgraph default) specifies an aggregation function '_top5' which is mapped to the data connector 'mypg (in subgraph default)' but the Open DD return type Int4 (in subgraph default) is not compatible with the data connector's return type. Reason: The data connector's return type is an array, but the Open DD return type is not
