---
source: crates/jsonapi/tests/jsonapi_golden_tests.rs
expression: result
input_file: crates/jsonapi/tests/failing/include/Track.txt
---
Err(
    BadRequest(
        "Relationship Unknown not found",
    ),
)
