---
source: crates/metadata-resolve/tests/metadata_golden_tests.rs
expression: string
input_file: crates/metadata-resolve/tests/failing/aggregate_expression_in_relationship/missing_aggregate_exp/metadata.json
---
Error: The aggregate defined on the relationship invoiceLines on type Invoice (in subgraph default) has an error: the aggregate expression Wrong_aggregate_exp (in subgraph default) used with model InvoiceLine (in subgraph default) has not been defined
