---
source: crates/metadata-resolve/tests/metadata_golden_tests.rs
expression: string
input_file: crates/metadata-resolve/tests/failing/object_types_in_presets/field_presets/invalid_object_value/metadata.json
---
Error: Type error in field preset of Location, for input type permissions definition of type Institution: Expected an object value of type Location (in subgraph default) but got value "Should be a Location object"
