---
source: crates/metadata-resolve/tests/metadata_golden_tests.rs
expression: string
input_file: crates/metadata-resolve/tests/failing/aggregate_expressions/missing_aggregation_function_data_connector_function/metadata.json
---
Error: the aggregate expression Int4_aggregate_exp (in subgraph default) specifies an aggregation function '_sum' which is mapped to the data connector 'mypg (in subgraph default)', however the mapped data connector aggregate function cannot be found: schum
